#-----------------------------------------------------------
# Vivado v2024.1 (64-bit)
# SW Build 5076996 on Wed May 22 18:37:14 MDT 2024
# IP Build 5075265 on Wed May 22 21:45:21 MDT 2024
# SharedData Build 5076995 on Wed May 22 18:29:18 MDT 2024
# Start of session at: Wed Feb  4 16:16:47 2026
# Process ID: 10692
# Current directory: C:/lab_4/numlock_top/numlock_top.runs/synth_1
# Command line: vivado.exe -log ee354_numlock_top.vds -product Vivado -mode batch -messageDb vivado.pb -notrace -source ee354_numlock_top.tcl
# Log file: C:/lab_4/numlock_top/numlock_top.runs/synth_1/ee354_numlock_top.vds
# Journal file: C:/lab_4/numlock_top/numlock_top.runs/synth_1\vivado.jou
# Running On        :GDESK-23
# Platform          :Windows Server 2016 or Windows 10
# Operating System  :26100
# Processor Detail  :Intel(R) Xeon(R) Gold 6244 CPU @ 3.60GHz
# CPU Frequency     :3592 MHz
# CPU Physical cores:4
# CPU Logical cores :4
# Host memory       :34358 MB
# Swap memory       :2147 MB
# Total Virtual     :36506 MB
# Available Virtual :28128 MB
#-----------------------------------------------------------
source ee354_numlock_top.tcl -notrace
